// Vitest Snapshot v1, https://vitest.dev/guide/snapshot.html

exports[`SearchBar > should .. 1`] = `
<div>
  <div
    class="search-container"
  >
    <input
      placeholder="buscar"
      type="text"
      value=""
    />
    <button>
      buscar
    </button>
  </div>
</div>
`;

exports[`SearchBar > should render searchbar correctly 1`] = `
<div>
  <div
    class="search-container"
  >
    <input
      placeholder="buscar"
      type="text"
      value=""
    />
    <button>
      buscar
    </button>
  </div>
</div>
`;
