// Vitest Snapshot v1, https://vitest.dev/guide/snapshot.html

exports[`GifsApp > should render ... 1`] = `
<div>
  <div
    class="content-center"
  >
    <h1>
      buscador de gifs
    </h1>
    <p>
      descubre y comparte el Gif perfecto
    </p>
  </div>
  <div
    class="search-container"
  >
    <input
      placeholder="buscar"
      type="text"
      value=""
    />
    <button>
      buscar
    </button>
  </div>
  <div
    class="previous-searches"
  >
    <h2>
      busquedas previas
    </h2>
    <ul
      class="previous-searches-list"
    />
  </div>
  <div
    class="gifs-container"
  />
</div>
`;
